// Jest Snapshot v1, https://goo.gl/fbAQLP

exports[`AgsIdentifyRequest default (3857) 1`] = `"json"`;

exports[`AgsIdentifyRequest default (3857): agsQueryRequest.geometry 1`] = `"{"hasZ":false,"hasM":false,"rings":[[[-11580733.168194728,4880526.966432655],[-11580733.168194728,4964673.98309528],[-11496586.151532097,4964673.983095286],[-11496586.151532097,4880526.966432655],[-11580733.168194728,4880526.966432655]]]}"`;

exports[`AgsIdentifyRequest default (3857): agsQueryRequest.geometryPrecision 1`] = `"10"`;

exports[`AgsIdentifyRequest default (3857): agsQueryRequest.geometryType 1`] = `"esriGeometryPolygon"`;

exports[`AgsIdentifyRequest default (3857): agsQueryRequest.imageDisplay 1`] = `"1001,1001"`;

exports[`AgsIdentifyRequest default (3857): agsQueryRequest.layerDefs 1`] = `undefined`;

exports[`AgsIdentifyRequest default (3857): agsQueryRequest.layers 1`] = `"all:2"`;

exports[`AgsIdentifyRequest default (3857): agsQueryRequest.mapExtent 1`] = `"-50713553.90035567,-34252293.76572828,27636234.580628842,44097494.71525623"`;

exports[`AgsIdentifyRequest default (3857): agsQueryRequest.maxAllowableOffset 1`] = `undefined`;

exports[`AgsIdentifyRequest default (3857): agsQueryRequest.returnFieldName 1`] = `"true"`;

exports[`AgsIdentifyRequest default (3857): agsQueryRequest.returnGeometry 1`] = `"true"`;

exports[`AgsIdentifyRequest default (3857): agsQueryRequest.returnM 1`] = `undefined`;

exports[`AgsIdentifyRequest default (3857): agsQueryRequest.returnZ 1`] = `undefined`;

exports[`AgsIdentifyRequest default (3857): agsQueryRequest.sr 1`] = `"3857"`;

exports[`AgsIdentifyRequest default (3857): agsQueryRequest.tolerance 1`] = `"4"`;
